
--- pdflatex pass 1 ---
This is pdfTeX, Version 3.141592653-2.6-1.40.26 (TeX Live 2025/dev/Debian) (preloaded format=pdflatex)
 restricted \write18 enabled.
entering extended mode

(/home/roberto/hemingwai/output_temporal/Biden_indulta_a_su_hijo_Hunter_pese_a_
haber_asegurado_que_no.tex
LaTeX2e <2024-11-01> patch level 2
L3 programming layer <2025-01-18>
(/usr/share/texlive/texmf-dist/tex/latex/base/article.cls
Document Class: article 2024/06/29 v1.4n Standard LaTeX document class
(/usr/share/texlive/texmf-dist/tex/latex/base/size10.clo))
(/usr/share/texlive/texmf-dist/tex/latex/base/inputenc.sty)
(/usr/share/texlive/texmf-dist/tex/generic/babel/babel.sty
(/usr/share/texlive/texmf-dist/tex/generic/babel/txtbabel.def)
(/usr/share/texlive/texmf-dist/tex/generic/babel-spanish/spanish.ldf))
(/usr/share/texlive/texmf-dist/tex/generic/babel/locale/es/babel-spanish.tex)
(/usr/share/texlive/texmf-dist/tex/latex/psnfss/times.sty)
(/usr/share/texlive/texmf-dist/tex/latex/hyperref/hyperref.sty
(/usr/share/texlive/texmf-dist/tex/generic/iftex/iftex.sty)
(/usr/share/texlive/texmf-dist/tex/latex/graphics/keyval.sty)
(/usr/share/texlive/texmf-dist/tex/latex/kvsetkeys/kvsetkeys.sty)
(/usr/share/texlive/texmf-dist/tex/generic/kvdefinekeys/kvdefinekeys.sty)
(/usr/share/texlive/texmf-dist/tex/generic/pdfescape/pdfescape.sty
(/usr/share/texlive/texmf-dist/tex/generic/ltxcmds/ltxcmds.sty)
(/usr/share/texlive/texmf-dist/tex/generic/pdftexcmds/pdftexcmds.sty
(/usr/share/texlive/texmf-dist/tex/generic/infwarerr/infwarerr.sty)))
(/usr/share/texlive/texmf-dist/tex/latex/hycolor/hycolor.sty)
(/usr/share/texlive/texmf-dist/tex/latex/hyperref/nameref.sty
(/usr/share/texlive/texmf-dist/tex/latex/refcount/refcount.sty)
(/usr/share/texlive/texmf-dist/tex/generic/gettitlestring/gettitlestring.sty
(/usr/share/texlive/texmf-dist/tex/latex/kvoptions/kvoptions.sty)))
(/usr/share/texlive/texmf-dist/tex/latex/etoolbox/etoolbox.sty)
(/usr/share/texlive/texmf-dist/tex/generic/stringenc/stringenc.sty)
(/usr/share/texlive/texmf-dist/tex/latex/hyperref/pd1enc.def)
(/usr/share/texlive/texmf-dist/tex/generic/intcalc/intcalc.sty)
(/usr/share/texlive/texmf-dist/tex/latex/hyperref/puenc.def)
(/usr/share/texlive/texmf-dist/tex/latex/url/url.sty)
(/usr/share/texlive/texmf-dist/tex/generic/bitset/bitset.sty
(/usr/share/texlive/texmf-dist/tex/generic/bigintcalc/bigintcalc.sty))
(/usr/share/texlive/texmf-dist/tex/latex/base/atbegshi-ltx.sty))
(/usr/share/texlive/texmf-dist/tex/latex/hyperref/hpdftex.def
(/usr/share/texlive/texmf-dist/tex/latex/base/atveryend-ltx.sty)
(/usr/share/texlive/texmf-dist/tex/latex/rerunfilecheck/rerunfilecheck.sty
(/usr/share/texlive/texmf-dist/tex/generic/uniquecounter/uniquecounter.sty)))
(/usr/share/texlive/texmf-dist/tex/latex/enumitem/enumitem.sty)
(/usr/share/texlive/texmf-dist/tex/latex/pgf/frontendlayer/tikz.sty
(/usr/share/texlive/texmf-dist/tex/latex/pgf/basiclayer/pgf.sty
(/usr/share/texlive/texmf-dist/tex/latex/pgf/utilities/pgfrcs.sty
(/usr/share/texlive/texmf-dist/tex/generic/pgf/utilities/pgfutil-common.tex)
(/usr/share/texlive/texmf-dist/tex/generic/pgf/utilities/pgfutil-latex.def)
(/usr/share/texlive/texmf-dist/tex/generic/pgf/utilities/pgfrcs.code.tex
(/usr/share/texlive/texmf-dist/tex/generic/pgf/pgf.revision.tex)))
(/usr/share/texlive/texmf-dist/tex/latex/pgf/basiclayer/pgfcore.sty
(/usr/share/texlive/texmf-dist/tex/latex/graphics/graphicx.sty
(/usr/share/texlive/texmf-dist/tex/latex/graphics/graphics.sty
(/usr/share/texlive/texmf-dist/tex/latex/graphics/trig.sty)
(/usr/share/texlive/texmf-dist/tex/latex/graphics-cfg/graphics.cfg)
(/usr/share/texlive/texmf-dist/tex/latex/graphics-def/pdftex.def)))
(/usr/share/texlive/texmf-dist/tex/latex/pgf/systemlayer/pgfsys.sty
(/usr/share/texlive/texmf-dist/tex/generic/pgf/systemlayer/pgfsys.code.tex
(/usr/share/texlive/texmf-dist/tex/generic/pgf/utilities/pgfkeys.code.tex
(/usr/share/texlive/texmf-dist/tex/generic/pgf/utilities/pgfkeyslibraryfiltered
.code.tex)) (/usr/share/texlive/texmf-dist/tex/generic/pgf/systemlayer/pgf.cfg)
(/usr/share/texlive/texmf-dist/tex/generic/pgf/systemlayer/pgfsys-pdftex.def
(/usr/share/texlive/texmf-dist/tex/generic/pgf/systemlayer/pgfsys-common-pdf.de
f)))
(/usr/share/texlive/texmf-dist/tex/generic/pgf/systemlayer/pgfsyssoftpath.code.
tex)
(/usr/share/texlive/texmf-dist/tex/generic/pgf/systemlayer/pgfsysprotocol.code.
tex)) (/usr/share/texlive/texmf-dist/tex/latex/xcolor/xcolor.sty
(/usr/share/texlive/texmf-dist/tex/latex/graphics-cfg/color.cfg)
(/usr/share/texlive/texmf-dist/tex/latex/graphics/mathcolor.ltx))
(/usr/share/texlive/texmf-dist/tex/generic/pgf/basiclayer/pgfcore.code.tex
(/usr/share/texlive/texmf-dist/tex/generic/pgf/math/pgfmath.code.tex
(/usr/share/texlive/texmf-dist/tex/generic/pgf/math/pgfmathutil.code.tex)
(/usr/share/texlive/texmf-dist/tex/generic/pgf/math/pgfmathparser.code.tex)
(/usr/share/texlive/texmf-dist/tex/generic/pgf/math/pgfmathfunctions.code.tex)
(/usr/share/texlive/texmf-dist/tex/generic/pgf/math/pgfmathfunctions.basic.code
.tex)
(/usr/share/texlive/texmf-dist/tex/generic/pgf/math/pgfmathfunctions.trigonomet
ric.code.tex)
(/usr/share/texlive/texmf-dist/tex/generic/pgf/math/pgfmathfunctions.random.cod
e.tex)
(/usr/share/texlive/texmf-dist/tex/generic/pgf/math/pgfmathfunctions.comparison
.code.tex)
(/usr/share/texlive/texmf-dist/tex/generic/pgf/math/pgfmathfunctions.base.code.
tex)
(/usr/share/texlive/texmf-dist/tex/generic/pgf/math/pgfmathfunctions.round.code
.tex)
(/usr/share/texlive/texmf-dist/tex/generic/pgf/math/pgfmathfunctions.misc.code.
tex)
(/usr/share/texlive/texmf-dist/tex/generic/pgf/math/pgfmathfunctions.integerari
thmetics.code.tex)
(/usr/share/texlive/texmf-dist/tex/generic/pgf/math/pgfmathcalc.code.tex)
(/usr/share/texlive/texmf-dist/tex/generic/pgf/math/pgfmathfloat.code.tex))
(/usr/share/texlive/texmf-dist/tex/generic/pgf/math/pgfint.code.tex)
(/usr/share/texlive/texmf-dist/tex/generic/pgf/basiclayer/pgfcorepoints.code.te
x)
(/usr/share/texlive/texmf-dist/tex/generic/pgf/basiclayer/pgfcorepathconstruct.
code.tex)
(/usr/share/texlive/texmf-dist/tex/generic/pgf/basiclayer/pgfcorepathusage.code
.tex)
(/usr/share/texlive/texmf-dist/tex/generic/pgf/basiclayer/pgfcorescopes.code.te
x)
(/usr/share/texlive/texmf-dist/tex/generic/pgf/basiclayer/pgfcoregraphicstate.c
ode.tex)
(/usr/share/texlive/texmf-dist/tex/generic/pgf/basiclayer/pgfcoretransformation
s.code.tex)
(/usr/share/texlive/texmf-dist/tex/generic/pgf/basiclayer/pgfcorequick.code.tex
)
(/usr/share/texlive/texmf-dist/tex/generic/pgf/basiclayer/pgfcoreobjects.code.t
ex)
(/usr/share/texlive/texmf-dist/tex/generic/pgf/basiclayer/pgfcorepathprocessing
.code.tex)
(/usr/share/texlive/texmf-dist/tex/generic/pgf/basiclayer/pgfcorearrows.code.te
x)
(/usr/share/texlive/texmf-dist/tex/generic/pgf/basiclayer/pgfcoreshade.code.tex
)
(/usr/share/texlive/texmf-dist/tex/generic/pgf/basiclayer/pgfcoreimage.code.tex
)
(/usr/share/texlive/texmf-dist/tex/generic/pgf/basiclayer/pgfcoreexternal.code.
tex)
(/usr/share/texlive/texmf-dist/tex/generic/pgf/basiclayer/pgfcorelayers.code.te
x)
(/usr/share/texlive/texmf-dist/tex/generic/pgf/basiclayer/pgfcoretransparency.c
ode.tex)
(/usr/share/texlive/texmf-dist/tex/generic/pgf/basiclayer/pgfcorepatterns.code.
tex)
(/usr/share/texlive/texmf-dist/tex/generic/pgf/basiclayer/pgfcorerdf.code.tex))
)
(/usr/share/texlive/texmf-dist/tex/generic/pgf/modules/pgfmoduleshapes.code.tex
) (/usr/share/texlive/texmf-dist/tex/generic/pgf/modules/pgfmoduleplot.code.tex
)
(/usr/share/texlive/texmf-dist/tex/latex/pgf/compatibility/pgfcomp-version-0-65
.sty)
(/usr/share/texlive/texmf-dist/tex/latex/pgf/compatibility/pgfcomp-version-1-18
.sty)) (/usr/share/texlive/texmf-dist/tex/latex/pgf/utilities/pgffor.sty
(/usr/share/texlive/texmf-dist/tex/latex/pgf/utilities/pgfkeys.sty
(/usr/share/texlive/texmf-dist/tex/generic/pgf/utilities/pgfkeys.code.tex))
(/usr/share/texlive/texmf-dist/tex/latex/pgf/math/pgfmath.sty
(/usr/share/texlive/texmf-dist/tex/generic/pgf/math/pgfmath.code.tex))
(/usr/share/texlive/texmf-dist/tex/generic/pgf/utilities/pgffor.code.tex))
(/usr/share/texlive/texmf-dist/tex/generic/pgf/frontendlayer/tikz/tikz.code.tex

(/usr/share/texlive/texmf-dist/tex/generic/pgf/libraries/pgflibraryplothandlers
.code.tex)
(/usr/share/texlive/texmf-dist/tex/generic/pgf/modules/pgfmodulematrix.code.tex
)
(/usr/share/texlive/texmf-dist/tex/generic/pgf/frontendlayer/tikz/libraries/tik
zlibrarytopaths.code.tex)))
(/usr/share/texlive/texmf-dist/tex/latex/amsmath/amsmath.sty
For additional information on amsmath, use the `?' option.
(/usr/share/texlive/texmf-dist/tex/latex/amsmath/amstext.sty
(/usr/share/texlive/texmf-dist/tex/latex/amsmath/amsgen.sty))
(/usr/share/texlive/texmf-dist/tex/latex/amsmath/amsbsy.sty)
(/usr/share/texlive/texmf-dist/tex/latex/amsmath/amsopn.sty))
(/usr/share/texlive/texmf-dist/tex/latex/amsfonts/amsfonts.sty)
(/usr/share/texlive/texmf-dist/tex/latex/amsfonts/amssymb.sty)
(/usr/share/texlive/texmf-dist/tex/latex/geometry/geometry.sty
(/usr/share/texlive/texmf-dist/tex/generic/iftex/ifvtex.sty))
(/usr/share/texlive/texmf-dist/tex/latex/tools/array.sty)
(/usr/share/texlive/texmf-dist/tex/latex/sectsty/sectsty.sty

LaTeX Warning: Command \underbar  has changed.
               Check if current package is valid.


LaTeX Warning: Command \underline  has changed.
               Check if current package is valid.

) (/usr/share/texlive/texmf-dist/tex/latex/ragged2e/ragged2e.sty)
(/usr/share/texlive/texmf-dist/tex/latex/psnfss/ot1ptm.fd)
(/usr/share/texlive/texmf-dist/tex/latex/l3backend/l3backend-pdftex.def)
No file Biden_indulta_a_su_hijo_Hunter_pese_a_haber_asegurado_que_no.aux.
(/usr/share/texlive/texmf-dist/tex/context/base/mkii/supp-pdf.mkii
[Loading MPS to PDF converter (version 2006.09.02).]
) (/usr/share/texlive/texmf-dist/tex/latex/epstopdf-pkg/epstopdf-base.sty
(/usr/share/texlive/texmf-dist/tex/latex/latexconfig/epstopdf-sys.cfg))
*geometry* driver: auto-detecting
*geometry* detected driver: pdftex

[1{/var/lib/texmf/fonts/map/pdftex/updmap/pdftex.map}{/usr/share/texlive/texmf-
dist/fonts/enc/dvips/base/8r.enc}]
(/usr/share/texlive/texmf-dist/tex/latex/psnfss/ot1pcr.fd)
(/usr/share/texlive/texmf-dist/tex/latex/amsfonts/umsa.fd)
(/usr/share/texlive/texmf-dist/tex/latex/amsfonts/umsb.fd)
Overfull \hbox (536.0321pt too wide) in paragraph at lines 72--74
[][]$\OT1/pcr/m/n/10 https : / / elpais . com / internacional / elecciones-[]us
a / 2024-[]12-[]02 / el-[]presidente-[]biden-[]indulta-[]a-[]su-[]hijo-[]hunter
-[]de-[]los-[]casos-[]de-[]posesion-[]ilegal-[]de-[]un-[]arma-[]y-[]fraude-[]fi
scal .

[2]
[3]
[4]
Overfull \hbox (18.0321pt too wide) in paragraph at lines 157--158
[][]$\OT1/pcr/m/n/10 https : / / abcnews . com / US / timeline-[]hunter-[]biden
-[]legal-[]political-[]scrutiny / story ?

Overfull \hbox (12.5321pt too wide) in paragraph at lines 158--159
[][]$\OT1/pcr/m/n/10 https : / / www . cbsnews . com / news / hunter-[]biden-[]
guilty-[]verdict-[]tax-[]evasion-[]trial/$[] 

Overfull \hbox (662.5321pt too wide) in paragraph at lines 160--161
[][]$\OT1/pcr/m/n/10 https : / / foxbaltimore . com / news / nation-[]world / t
imeline-[]hunter-[]bidens-[]tax-[]and-[]gun-[]cases-[]end-[]in-[]a-[]presidenti
al-[]pardon-[]department-[]of-[]justice-[]special-[]counsel-[]david-[]weiss-[]p
resident-[]joe-[]biden$[] 

Overfull \hbox (219.5321pt too wide) in paragraph at lines 162--163
[][]$\OT1/pcr/m/n/10 https : / / www . foxnews . com / media / six-[]times-[]ka
rine-[]jean-[]pierre-[]said-[]president-[]biden-[]wouldnt-[]pardon-[]his-[]son-
[]hunter$[] 

Overfull \hbox (19.0321pt too wide) in paragraph at lines 163--164
[][]$\OT1/pcr/m/n/10 https : / / www . axios . com / 2024 / 12 / 02 / biden-[]p
ardons-[]son-[]hunter-[]trump-[]reacts-[]jan-[]6$[] 

Overfull \hbox (321.0321pt too wide) in paragraph at lines 164--165
[][]$\OT1/pcr/m/n/10 https : / / www . justice . gov / archives / sco-[]weiss /
 pr / robert-[]hunter-[]biden-[]found-[]guilty-[]three-[]felonies-[]related-[]i
llegal-[]purchase-[]firearm$[] 

Overfull \hbox (474.0321pt too wide) in paragraph at lines 166--167
[][]$\OT1/pcr/m/n/10 https : / / www . latimes . com / world-[]nation / story /
 2024-[]12-[]02 / president-[]biden-[]says-[]charges-[]against-[]hunter-[]were-
[]politically-[]motivated-[]but-[]what-[]do-[]the-[]facts-[]show$[] 

Overfull \hbox (370.0321pt too wide) in paragraph at lines 168--169
[][]$\OT1/pcr/m/n/10 https : / / www . justice . gov / archives / sco-[]weiss /
 pr / robert-[]hunter-[]biden-[]convicted-[]three-[]felony-[]tax-[]offenses-[]a
nd-[]six-[]misdemeanor-[]tax-[]offenses$[] 

Overfull \hbox (103.0321pt too wide) in paragraph at lines 169--170
[][]$\OT1/pcr/m/n/10 https : / / www . latimes . com / world-[]nation / story /
 2024-[]12-[]01 / president-[]biden-[]pardons-[]hunter-[]biden$[] 

Overfull \hbox (1185.5321pt too wide) in paragraph at lines 170--171
[][]$\OT1/pcr/m/n/10 https : / / katv . com / news / nation-[]world / hunter-[]
biden-[]denies-[]cocaine-[]in-[]white-[]house-[]locker-[]was-[]his-[]claims-[]s
obriety-[]since-[]2019-[]youtube-[]page-[]channel-[]5-[]interview-[]situation-[
]room-[]west-[]wing-[]july-[]2023-[]fbi-[]deputy-[]director-[]dan-[]bongino-[]i
nvestigation-[]secret-[]service-[]gun-[]charges-[]guilty ?

Overfull \hbox (36.0321pt too wide) in paragraph at lines 173--174
[][]$\OT1/pcr/m/n/10 https : / / www . axios . com / 2024 / 06 / 11 / hunter-[]
biden-[]guilty-[]president-[]statement-[]pardon$[] 

Overfull \hbox (43.0321pt too wide) in paragraph at lines 174--175
[][]$\OT1/pcr/m/n/10 https : / / www . lawfaremedia . org / article / trump-[]p
ardons-[]or-[]commutes-[]terms-[]of-[]all-[]jan .

Overfull \hbox (7.0321pt too wide) in paragraph at lines 175--176
[][]$\OT1/pcr/m/n/10 https : / / abcnews . com / US / hunter-[]bidens-[]sentenc
ing-[]gun-[]charges-[]pushed-[]back-[]1 /

Overfull \hbox (163.5321pt too wide) in paragraph at lines 176--177
[][]$\OT1/pcr/m/n/10 https : / / akhilamar . com / wp-[]content / uploads / 202
4 / 12 / Statement-[]from-[]President-[]Joe-[]Biden-[]The-[]White-[]House .

[5]
Overfull \hbox (48.0321pt too wide) in paragraph at lines 178--179
[][]$\OT1/pcr/m/n/10 https : / / www . jdsupra . com / legalnews / selective-[]
prosecution-[]hunter-[]biden-[]and-[]5051874/$[] 

Overfull \hbox (36.5321pt too wide) in paragraph at lines 180--181
[][]$\OT1/pcr/m/n/10 https : / / www . justice . gov / pardon / pardons-[]grant
ed-[]president-[]joseph-[]biden-[]2021-[]2025$[] 

Overfull \hbox (84.5321pt too wide) in paragraph at lines 181--182
[][]$\OT1/pcr/m/n/10 https : / / www . politico . com / news / 2024 / 06 / 11 /
 hunter-[]biden-[]gun-[]trial-[]guilty-[]verdict-[]00162694$[] 

Overfull \hbox (224.5321pt too wide) in paragraph at lines 182--183
[][]$\OT1/pcr/m/n/10 https : / / oversight . house . gov / blog / evidence-[]of
-[]joe-[]bidens-[]involvement-[]in-[]his-[]familys-[]influence-[]peddling-[]sch
emes/$[] 

Overfull \hbox (115.0321pt too wide) in paragraph at lines 183--184
[][]$\OT1/pcr/m/n/10 https : / / www . politico . com / news / 2024 / 06 / 13 /
 president-[]says-[]he-[]wont-[]pardon-[]hunter-[]biden-[]00163281$[] 

Overfull \hbox (48.0321pt too wide) in paragraph at lines 184--185
[][]$\OT1/pcr/m/n/10 https : / / www . mountsinai . org / about / newsroom / 20
15 / the-[]facts-[]about-[]beau-[]bidens-[]cancer$[] 

Overfull \hbox (479.0321pt too wide) in paragraph at lines 185--186
[][]$\OT1/pcr/m/n/10 https : / / www . latimes . com / world-[]nation / story /
 2025-[]01-[]14 / prosecutor-[]who-[]investigated-[]hunter-[]biden-[]defends-[]
probes-[]denounces-[]presidents-[]remarks-[]in-[]new-[]report$[] 

Overfull \hbox (212.5321pt too wide) in paragraph at lines 186--187
[][]$\OT1/pcr/m/n/10 https : / / oversight . house . gov / blog / joe-[]biden-[
]met-[]nearly-[]every-[]foreign-[]associate-[]funneling-[]his-[]family-[]millio
ns %

Overfull \hbox (631.5321pt too wide) in paragraph at lines 187--188
[][]$\OT1/pcr/m/n/10 https : / / komonews . com / news / nation-[]world / hunte
r-[]bidens-[]sentencing-[]on-[]federal-[]firearms-[]charges-[]delayed-[]until-[
]december-[]joe-[]bidens-[]son-[]gun-[]imprisonment-[]guilty-[]plea-[]addicted-
[]to-[]drugs ?

Overfull \hbox (235.5321pt too wide) in paragraph at lines 189--190
[][]$\OT1/pcr/m/n/10 https : / / theconstitutionalist . org / 2024 / 12 / 17 / 
the-[]surprising-[]constitutional-[]dimensions-[]of-[]the-[]hunter-[]biden-[]pa
rdon/$[] 

Overfull \hbox (11.5321pt too wide) in paragraph at lines 190--191
[][]$\OT1/pcr/m/n/10 https : / / www . politico . com / news / 2025 / 01 / 20 /
 donald-[]trump-[]jan6-[]pardons-[]00199532$[] 

Overfull \hbox (110.5321pt too wide) in paragraph at lines 192--193
[][]$\OT1/pcr/m/n/10 https : / / courthousenews . com / hunter-[]biden-[]appeal
-[]in-[]tax-[]dodging-[]case-[]tossed-[]by-[]ninth-[]circuit/$[] 

Overfull \hbox (163.5321pt too wide) in paragraph at lines 193--194
[][]$\OT1/pcr/m/n/10 https : / / signalscv . com / 2024 / 12 / special-[]counse
l-[]no-[]evidence-[]shows-[]hunter-[]biden-[]selectively-[]prosecuted/$[] 

Overfull \hbox (1124.0321pt too wide) in paragraph at lines 194--195
[][]$\OT1/pcr/m/n/10 https : / / komonews . com / news / nation-[]world / biden
-[]family-[]hits-[]nantucket-[]shops-[]for-[]small-[]business-[]saturday-[]murr
ays-[]toggery-[]shop-[]the-[]black-[]dog-[]polo-[]ralph-[]lauren-[]beau-[]biden
-[]president-[]joe-[]biden-[]black-[]friday-[]massachusetts-[]donald-[]trump-[]
kanye-[]west-[]nick-[]fuentes-[]christmas$[] 

Overfull \hbox (188.5321pt too wide) in paragraph at lines 195--196
[][]$\OT1/pcr/m/n/10 https : / / www . rev . com / transcripts / hunter-[]biden
-[]cbs-[]interview-[]on-[]memoir-[]beautiful-[]things-[]transcript-[]april-[]4$
[] 

Overfull \hbox (170.5321pt too wide) in paragraph at lines 196--197
[][]$\OT1/pcr/m/n/10 https : / / it . usembassy . gov / remarks-[]by-[]presiden
t-[]biden-[]at-[]pardoning-[]of-[]the-[]national-[]thanksgiving-[]turkey/$[] 

Overfull \hbox (308.5321pt too wide) in paragraph at lines 197--198
[][]$\OT1/pcr/m/n/10 http : / / judiciary . house . gov / media / press-[]relea
ses / judiciary-[]oversight-[]and-[]ways-[]and-[]means-[]committees-[]release-[
]report-[]impeachment$[] 

Overfull \hbox (248.5321pt too wide) in paragraph at lines 198--199
[][]$\OT1/pcr/m/n/10 https : / / oversight . house . gov / release / hearing-[]
wrap-[]up-[]irs-[]whistleblowers-[]expose-[]how-[]bidens-[]were-[]treated-[]dif
ferently %

Overfull \hbox (20.0321pt too wide) in paragraph at lines 199--200
[][]$\OT1/pcr/m/n/10 https : / / naturalnews . com / 2023-[]06-[]28-[]timeline-
[]of-[]hunter-[]bidens-[]years-[]of-[]drugs .

[6]
(/home/roberto/hemingwai/output_temporal/Biden_indulta_a_su_hijo_Hunter_pese_a_
haber_asegurado_que_no.aux)

Package rerunfilecheck Warning: File `Biden_indulta_a_su_hijo_Hunter_pese_a_hab
er_asegurado_que_no.out' has changed.
(rerunfilecheck)                Rerun to get outlines right
(rerunfilecheck)                or use package `bookmark'.

 )
(see the transcript file for additional information)</usr/share/texlive/texmf-d
ist/fonts/type1/urw/courier/ucrr8a.pfb></usr/share/texlive/texmf-dist/fonts/typ
e1/urw/times/utmb8a.pfb></usr/share/texlive/texmf-dist/fonts/type1/urw/times/ut
mr8a.pfb></usr/share/texlive/texmf-dist/fonts/type1/urw/times/utmri8a.pfb>
Output written on /home/roberto/hemingwai/output_temporal/Biden_indulta_a_su_hi
jo_Hunter_pese_a_haber_asegurado_que_no.pdf (6 pages, 90827 bytes).
Transcript written on /home/roberto/hemingwai/output_temporal/Biden_indulta_a_s
u_hijo_Hunter_pese_a_haber_asegurado_que_no.log.

--- pdflatex pass 2 ---
This is pdfTeX, Version 3.141592653-2.6-1.40.26 (TeX Live 2025/dev/Debian) (preloaded format=pdflatex)
 restricted \write18 enabled.
entering extended mode

(/home/roberto/hemingwai/output_temporal/Biden_indulta_a_su_hijo_Hunter_pese_a_
haber_asegurado_que_no.tex
LaTeX2e <2024-11-01> patch level 2
L3 programming layer <2025-01-18>
(/usr/share/texlive/texmf-dist/tex/latex/base/article.cls
Document Class: article 2024/06/29 v1.4n Standard LaTeX document class
(/usr/share/texlive/texmf-dist/tex/latex/base/size10.clo))
(/usr/share/texlive/texmf-dist/tex/latex/base/inputenc.sty)
(/usr/share/texlive/texmf-dist/tex/generic/babel/babel.sty
(/usr/share/texlive/texmf-dist/tex/generic/babel/txtbabel.def)
(/usr/share/texlive/texmf-dist/tex/generic/babel-spanish/spanish.ldf))
(/usr/share/texlive/texmf-dist/tex/generic/babel/locale/es/babel-spanish.tex)
(/usr/share/texlive/texmf-dist/tex/latex/psnfss/times.sty)
(/usr/share/texlive/texmf-dist/tex/latex/hyperref/hyperref.sty
(/usr/share/texlive/texmf-dist/tex/generic/iftex/iftex.sty)
(/usr/share/texlive/texmf-dist/tex/latex/graphics/keyval.sty)
(/usr/share/texlive/texmf-dist/tex/latex/kvsetkeys/kvsetkeys.sty)
(/usr/share/texlive/texmf-dist/tex/generic/kvdefinekeys/kvdefinekeys.sty)
(/usr/share/texlive/texmf-dist/tex/generic/pdfescape/pdfescape.sty
(/usr/share/texlive/texmf-dist/tex/generic/ltxcmds/ltxcmds.sty)
(/usr/share/texlive/texmf-dist/tex/generic/pdftexcmds/pdftexcmds.sty
(/usr/share/texlive/texmf-dist/tex/generic/infwarerr/infwarerr.sty)))
(/usr/share/texlive/texmf-dist/tex/latex/hycolor/hycolor.sty)
(/usr/share/texlive/texmf-dist/tex/latex/hyperref/nameref.sty
(/usr/share/texlive/texmf-dist/tex/latex/refcount/refcount.sty)
(/usr/share/texlive/texmf-dist/tex/generic/gettitlestring/gettitlestring.sty
(/usr/share/texlive/texmf-dist/tex/latex/kvoptions/kvoptions.sty)))
(/usr/share/texlive/texmf-dist/tex/latex/etoolbox/etoolbox.sty)
(/usr/share/texlive/texmf-dist/tex/generic/stringenc/stringenc.sty)
(/usr/share/texlive/texmf-dist/tex/latex/hyperref/pd1enc.def)
(/usr/share/texlive/texmf-dist/tex/generic/intcalc/intcalc.sty)
(/usr/share/texlive/texmf-dist/tex/latex/hyperref/puenc.def)
(/usr/share/texlive/texmf-dist/tex/latex/url/url.sty)
(/usr/share/texlive/texmf-dist/tex/generic/bitset/bitset.sty
(/usr/share/texlive/texmf-dist/tex/generic/bigintcalc/bigintcalc.sty))
(/usr/share/texlive/texmf-dist/tex/latex/base/atbegshi-ltx.sty))
(/usr/share/texlive/texmf-dist/tex/latex/hyperref/hpdftex.def
(/usr/share/texlive/texmf-dist/tex/latex/base/atveryend-ltx.sty)
(/usr/share/texlive/texmf-dist/tex/latex/rerunfilecheck/rerunfilecheck.sty
(/usr/share/texlive/texmf-dist/tex/generic/uniquecounter/uniquecounter.sty)))
(/usr/share/texlive/texmf-dist/tex/latex/enumitem/enumitem.sty)
(/usr/share/texlive/texmf-dist/tex/latex/pgf/frontendlayer/tikz.sty
(/usr/share/texlive/texmf-dist/tex/latex/pgf/basiclayer/pgf.sty
(/usr/share/texlive/texmf-dist/tex/latex/pgf/utilities/pgfrcs.sty
(/usr/share/texlive/texmf-dist/tex/generic/pgf/utilities/pgfutil-common.tex)
(/usr/share/texlive/texmf-dist/tex/generic/pgf/utilities/pgfutil-latex.def)
(/usr/share/texlive/texmf-dist/tex/generic/pgf/utilities/pgfrcs.code.tex
(/usr/share/texlive/texmf-dist/tex/generic/pgf/pgf.revision.tex)))
(/usr/share/texlive/texmf-dist/tex/latex/pgf/basiclayer/pgfcore.sty
(/usr/share/texlive/texmf-dist/tex/latex/graphics/graphicx.sty
(/usr/share/texlive/texmf-dist/tex/latex/graphics/graphics.sty
(/usr/share/texlive/texmf-dist/tex/latex/graphics/trig.sty)
(/usr/share/texlive/texmf-dist/tex/latex/graphics-cfg/graphics.cfg)
(/usr/share/texlive/texmf-dist/tex/latex/graphics-def/pdftex.def)))
(/usr/share/texlive/texmf-dist/tex/latex/pgf/systemlayer/pgfsys.sty
(/usr/share/texlive/texmf-dist/tex/generic/pgf/systemlayer/pgfsys.code.tex
(/usr/share/texlive/texmf-dist/tex/generic/pgf/utilities/pgfkeys.code.tex
(/usr/share/texlive/texmf-dist/tex/generic/pgf/utilities/pgfkeyslibraryfiltered
.code.tex)) (/usr/share/texlive/texmf-dist/tex/generic/pgf/systemlayer/pgf.cfg)
(/usr/share/texlive/texmf-dist/tex/generic/pgf/systemlayer/pgfsys-pdftex.def
(/usr/share/texlive/texmf-dist/tex/generic/pgf/systemlayer/pgfsys-common-pdf.de
f)))
(/usr/share/texlive/texmf-dist/tex/generic/pgf/systemlayer/pgfsyssoftpath.code.
tex)
(/usr/share/texlive/texmf-dist/tex/generic/pgf/systemlayer/pgfsysprotocol.code.
tex)) (/usr/share/texlive/texmf-dist/tex/latex/xcolor/xcolor.sty
(/usr/share/texlive/texmf-dist/tex/latex/graphics-cfg/color.cfg)
(/usr/share/texlive/texmf-dist/tex/latex/graphics/mathcolor.ltx))
(/usr/share/texlive/texmf-dist/tex/generic/pgf/basiclayer/pgfcore.code.tex
(/usr/share/texlive/texmf-dist/tex/generic/pgf/math/pgfmath.code.tex
(/usr/share/texlive/texmf-dist/tex/generic/pgf/math/pgfmathutil.code.tex)
(/usr/share/texlive/texmf-dist/tex/generic/pgf/math/pgfmathparser.code.tex)
(/usr/share/texlive/texmf-dist/tex/generic/pgf/math/pgfmathfunctions.code.tex)
(/usr/share/texlive/texmf-dist/tex/generic/pgf/math/pgfmathfunctions.basic.code
.tex)
(/usr/share/texlive/texmf-dist/tex/generic/pgf/math/pgfmathfunctions.trigonomet
ric.code.tex)
(/usr/share/texlive/texmf-dist/tex/generic/pgf/math/pgfmathfunctions.random.cod
e.tex)
(/usr/share/texlive/texmf-dist/tex/generic/pgf/math/pgfmathfunctions.comparison
.code.tex)
(/usr/share/texlive/texmf-dist/tex/generic/pgf/math/pgfmathfunctions.base.code.
tex)
(/usr/share/texlive/texmf-dist/tex/generic/pgf/math/pgfmathfunctions.round.code
.tex)
(/usr/share/texlive/texmf-dist/tex/generic/pgf/math/pgfmathfunctions.misc.code.
tex)
(/usr/share/texlive/texmf-dist/tex/generic/pgf/math/pgfmathfunctions.integerari
thmetics.code.tex)
(/usr/share/texlive/texmf-dist/tex/generic/pgf/math/pgfmathcalc.code.tex)
(/usr/share/texlive/texmf-dist/tex/generic/pgf/math/pgfmathfloat.code.tex))
(/usr/share/texlive/texmf-dist/tex/generic/pgf/math/pgfint.code.tex)
(/usr/share/texlive/texmf-dist/tex/generic/pgf/basiclayer/pgfcorepoints.code.te
x)
(/usr/share/texlive/texmf-dist/tex/generic/pgf/basiclayer/pgfcorepathconstruct.
code.tex)
(/usr/share/texlive/texmf-dist/tex/generic/pgf/basiclayer/pgfcorepathusage.code
.tex)
(/usr/share/texlive/texmf-dist/tex/generic/pgf/basiclayer/pgfcorescopes.code.te
x)
(/usr/share/texlive/texmf-dist/tex/generic/pgf/basiclayer/pgfcoregraphicstate.c
ode.tex)
(/usr/share/texlive/texmf-dist/tex/generic/pgf/basiclayer/pgfcoretransformation
s.code.tex)
(/usr/share/texlive/texmf-dist/tex/generic/pgf/basiclayer/pgfcorequick.code.tex
)
(/usr/share/texlive/texmf-dist/tex/generic/pgf/basiclayer/pgfcoreobjects.code.t
ex)
(/usr/share/texlive/texmf-dist/tex/generic/pgf/basiclayer/pgfcorepathprocessing
.code.tex)
(/usr/share/texlive/texmf-dist/tex/generic/pgf/basiclayer/pgfcorearrows.code.te
x)
(/usr/share/texlive/texmf-dist/tex/generic/pgf/basiclayer/pgfcoreshade.code.tex
)
(/usr/share/texlive/texmf-dist/tex/generic/pgf/basiclayer/pgfcoreimage.code.tex
)
(/usr/share/texlive/texmf-dist/tex/generic/pgf/basiclayer/pgfcoreexternal.code.
tex)
(/usr/share/texlive/texmf-dist/tex/generic/pgf/basiclayer/pgfcorelayers.code.te
x)
(/usr/share/texlive/texmf-dist/tex/generic/pgf/basiclayer/pgfcoretransparency.c
ode.tex)
(/usr/share/texlive/texmf-dist/tex/generic/pgf/basiclayer/pgfcorepatterns.code.
tex)
(/usr/share/texlive/texmf-dist/tex/generic/pgf/basiclayer/pgfcorerdf.code.tex))
)
(/usr/share/texlive/texmf-dist/tex/generic/pgf/modules/pgfmoduleshapes.code.tex
) (/usr/share/texlive/texmf-dist/tex/generic/pgf/modules/pgfmoduleplot.code.tex
)
(/usr/share/texlive/texmf-dist/tex/latex/pgf/compatibility/pgfcomp-version-0-65
.sty)
(/usr/share/texlive/texmf-dist/tex/latex/pgf/compatibility/pgfcomp-version-1-18
.sty)) (/usr/share/texlive/texmf-dist/tex/latex/pgf/utilities/pgffor.sty
(/usr/share/texlive/texmf-dist/tex/latex/pgf/utilities/pgfkeys.sty
(/usr/share/texlive/texmf-dist/tex/generic/pgf/utilities/pgfkeys.code.tex))
(/usr/share/texlive/texmf-dist/tex/latex/pgf/math/pgfmath.sty
(/usr/share/texlive/texmf-dist/tex/generic/pgf/math/pgfmath.code.tex))
(/usr/share/texlive/texmf-dist/tex/generic/pgf/utilities/pgffor.code.tex))
(/usr/share/texlive/texmf-dist/tex/generic/pgf/frontendlayer/tikz/tikz.code.tex

(/usr/share/texlive/texmf-dist/tex/generic/pgf/libraries/pgflibraryplothandlers
.code.tex)
(/usr/share/texlive/texmf-dist/tex/generic/pgf/modules/pgfmodulematrix.code.tex
)
(/usr/share/texlive/texmf-dist/tex/generic/pgf/frontendlayer/tikz/libraries/tik
zlibrarytopaths.code.tex)))
(/usr/share/texlive/texmf-dist/tex/latex/amsmath/amsmath.sty
For additional information on amsmath, use the `?' option.
(/usr/share/texlive/texmf-dist/tex/latex/amsmath/amstext.sty
(/usr/share/texlive/texmf-dist/tex/latex/amsmath/amsgen.sty))
(/usr/share/texlive/texmf-dist/tex/latex/amsmath/amsbsy.sty)
(/usr/share/texlive/texmf-dist/tex/latex/amsmath/amsopn.sty))
(/usr/share/texlive/texmf-dist/tex/latex/amsfonts/amsfonts.sty)
(/usr/share/texlive/texmf-dist/tex/latex/amsfonts/amssymb.sty)
(/usr/share/texlive/texmf-dist/tex/latex/geometry/geometry.sty
(/usr/share/texlive/texmf-dist/tex/generic/iftex/ifvtex.sty))
(/usr/share/texlive/texmf-dist/tex/latex/tools/array.sty)
(/usr/share/texlive/texmf-dist/tex/latex/sectsty/sectsty.sty

LaTeX Warning: Command \underbar  has changed.
               Check if current package is valid.


LaTeX Warning: Command \underline  has changed.
               Check if current package is valid.

) (/usr/share/texlive/texmf-dist/tex/latex/ragged2e/ragged2e.sty)
(/usr/share/texlive/texmf-dist/tex/latex/psnfss/ot1ptm.fd)
(/usr/share/texlive/texmf-dist/tex/latex/l3backend/l3backend-pdftex.def)
(/home/roberto/hemingwai/output_temporal/Biden_indulta_a_su_hijo_Hunter_pese_a_
haber_asegurado_que_no.aux)
(/home/roberto/hemingwai/output_temporal/Biden_indulta_a_su_hijo_Hunter_pese_a_
haber_asegurado_que_no.out)
(/home/roberto/hemingwai/output_temporal/Biden_indulta_a_su_hijo_Hunter_pese_a_
haber_asegurado_que_no.out)
(/usr/share/texlive/texmf-dist/tex/context/base/mkii/supp-pdf.mkii
[Loading MPS to PDF converter (version 2006.09.02).]
) (/usr/share/texlive/texmf-dist/tex/latex/epstopdf-pkg/epstopdf-base.sty
(/usr/share/texlive/texmf-dist/tex/latex/latexconfig/epstopdf-sys.cfg))
*geometry* driver: auto-detecting
*geometry* detected driver: pdftex

[1{/var/lib/texmf/fonts/map/pdftex/updmap/pdftex.map}{/usr/share/texlive/texmf-
dist/fonts/enc/dvips/base/8r.enc}]
(/usr/share/texlive/texmf-dist/tex/latex/psnfss/ot1pcr.fd)
(/usr/share/texlive/texmf-dist/tex/latex/amsfonts/umsa.fd)
(/usr/share/texlive/texmf-dist/tex/latex/amsfonts/umsb.fd)
Overfull \hbox (536.0321pt too wide) in paragraph at lines 72--74
[][]$\OT1/pcr/m/n/10 https : / / elpais . com / internacional / elecciones-[]us
a / 2024-[]12-[]02 / el-[]presidente-[]biden-[]indulta-[]a-[]su-[]hijo-[]hunter
-[]de-[]los-[]casos-[]de-[]posesion-[]ilegal-[]de-[]un-[]arma-[]y-[]fraude-[]fi
scal .

[2]
[3]
[4]
Overfull \hbox (18.0321pt too wide) in paragraph at lines 157--158
[][]$\OT1/pcr/m/n/10 https : / / abcnews . com / US / timeline-[]hunter-[]biden
-[]legal-[]political-[]scrutiny / story ?

Overfull \hbox (12.5321pt too wide) in paragraph at lines 158--159
[][]$\OT1/pcr/m/n/10 https : / / www . cbsnews . com / news / hunter-[]biden-[]
guilty-[]verdict-[]tax-[]evasion-[]trial/$[] 

Overfull \hbox (662.5321pt too wide) in paragraph at lines 160--161
[][]$\OT1/pcr/m/n/10 https : / / foxbaltimore . com / news / nation-[]world / t
imeline-[]hunter-[]bidens-[]tax-[]and-[]gun-[]cases-[]end-[]in-[]a-[]presidenti
al-[]pardon-[]department-[]of-[]justice-[]special-[]counsel-[]david-[]weiss-[]p
resident-[]joe-[]biden$[] 

Overfull \hbox (219.5321pt too wide) in paragraph at lines 162--163
[][]$\OT1/pcr/m/n/10 https : / / www . foxnews . com / media / six-[]times-[]ka
rine-[]jean-[]pierre-[]said-[]president-[]biden-[]wouldnt-[]pardon-[]his-[]son-
[]hunter$[] 

Overfull \hbox (19.0321pt too wide) in paragraph at lines 163--164
[][]$\OT1/pcr/m/n/10 https : / / www . axios . com / 2024 / 12 / 02 / biden-[]p
ardons-[]son-[]hunter-[]trump-[]reacts-[]jan-[]6$[] 

Overfull \hbox (321.0321pt too wide) in paragraph at lines 164--165
[][]$\OT1/pcr/m/n/10 https : / / www . justice . gov / archives / sco-[]weiss /
 pr / robert-[]hunter-[]biden-[]found-[]guilty-[]three-[]felonies-[]related-[]i
llegal-[]purchase-[]firearm$[] 

Overfull \hbox (474.0321pt too wide) in paragraph at lines 166--167
[][]$\OT1/pcr/m/n/10 https : / / www . latimes . com / world-[]nation / story /
 2024-[]12-[]02 / president-[]biden-[]says-[]charges-[]against-[]hunter-[]were-
[]politically-[]motivated-[]but-[]what-[]do-[]the-[]facts-[]show$[] 

Overfull \hbox (370.0321pt too wide) in paragraph at lines 168--169
[][]$\OT1/pcr/m/n/10 https : / / www . justice . gov / archives / sco-[]weiss /
 pr / robert-[]hunter-[]biden-[]convicted-[]three-[]felony-[]tax-[]offenses-[]a
nd-[]six-[]misdemeanor-[]tax-[]offenses$[] 

Overfull \hbox (103.0321pt too wide) in paragraph at lines 169--170
[][]$\OT1/pcr/m/n/10 https : / / www . latimes . com / world-[]nation / story /
 2024-[]12-[]01 / president-[]biden-[]pardons-[]hunter-[]biden$[] 

Overfull \hbox (1185.5321pt too wide) in paragraph at lines 170--171
[][]$\OT1/pcr/m/n/10 https : / / katv . com / news / nation-[]world / hunter-[]
biden-[]denies-[]cocaine-[]in-[]white-[]house-[]locker-[]was-[]his-[]claims-[]s
obriety-[]since-[]2019-[]youtube-[]page-[]channel-[]5-[]interview-[]situation-[
]room-[]west-[]wing-[]july-[]2023-[]fbi-[]deputy-[]director-[]dan-[]bongino-[]i
nvestigation-[]secret-[]service-[]gun-[]charges-[]guilty ?

Overfull \hbox (36.0321pt too wide) in paragraph at lines 173--174
[][]$\OT1/pcr/m/n/10 https : / / www . axios . com / 2024 / 06 / 11 / hunter-[]
biden-[]guilty-[]president-[]statement-[]pardon$[] 

Overfull \hbox (43.0321pt too wide) in paragraph at lines 174--175
[][]$\OT1/pcr/m/n/10 https : / / www . lawfaremedia . org / article / trump-[]p
ardons-[]or-[]commutes-[]terms-[]of-[]all-[]jan .

Overfull \hbox (7.0321pt too wide) in paragraph at lines 175--176
[][]$\OT1/pcr/m/n/10 https : / / abcnews . com / US / hunter-[]bidens-[]sentenc
ing-[]gun-[]charges-[]pushed-[]back-[]1 /

Overfull \hbox (163.5321pt too wide) in paragraph at lines 176--177
[][]$\OT1/pcr/m/n/10 https : / / akhilamar . com / wp-[]content / uploads / 202
4 / 12 / Statement-[]from-[]President-[]Joe-[]Biden-[]The-[]White-[]House .

[5]
Overfull \hbox (48.0321pt too wide) in paragraph at lines 178--179
[][]$\OT1/pcr/m/n/10 https : / / www . jdsupra . com / legalnews / selective-[]
prosecution-[]hunter-[]biden-[]and-[]5051874/$[] 

Overfull \hbox (36.5321pt too wide) in paragraph at lines 180--181
[][]$\OT1/pcr/m/n/10 https : / / www . justice . gov / pardon / pardons-[]grant
ed-[]president-[]joseph-[]biden-[]2021-[]2025$[] 

Overfull \hbox (84.5321pt too wide) in paragraph at lines 181--182
[][]$\OT1/pcr/m/n/10 https : / / www . politico . com / news / 2024 / 06 / 11 /
 hunter-[]biden-[]gun-[]trial-[]guilty-[]verdict-[]00162694$[] 

Overfull \hbox (224.5321pt too wide) in paragraph at lines 182--183
[][]$\OT1/pcr/m/n/10 https : / / oversight . house . gov / blog / evidence-[]of
-[]joe-[]bidens-[]involvement-[]in-[]his-[]familys-[]influence-[]peddling-[]sch
emes/$[] 

Overfull \hbox (115.0321pt too wide) in paragraph at lines 183--184
[][]$\OT1/pcr/m/n/10 https : / / www . politico . com / news / 2024 / 06 / 13 /
 president-[]says-[]he-[]wont-[]pardon-[]hunter-[]biden-[]00163281$[] 

Overfull \hbox (48.0321pt too wide) in paragraph at lines 184--185
[][]$\OT1/pcr/m/n/10 https : / / www . mountsinai . org / about / newsroom / 20
15 / the-[]facts-[]about-[]beau-[]bidens-[]cancer$[] 

Overfull \hbox (479.0321pt too wide) in paragraph at lines 185--186
[][]$\OT1/pcr/m/n/10 https : / / www . latimes . com / world-[]nation / story /
 2025-[]01-[]14 / prosecutor-[]who-[]investigated-[]hunter-[]biden-[]defends-[]
probes-[]denounces-[]presidents-[]remarks-[]in-[]new-[]report$[] 

Overfull \hbox (212.5321pt too wide) in paragraph at lines 186--187
[][]$\OT1/pcr/m/n/10 https : / / oversight . house . gov / blog / joe-[]biden-[
]met-[]nearly-[]every-[]foreign-[]associate-[]funneling-[]his-[]family-[]millio
ns %

Overfull \hbox (631.5321pt too wide) in paragraph at lines 187--188
[][]$\OT1/pcr/m/n/10 https : / / komonews . com / news / nation-[]world / hunte
r-[]bidens-[]sentencing-[]on-[]federal-[]firearms-[]charges-[]delayed-[]until-[
]december-[]joe-[]bidens-[]son-[]gun-[]imprisonment-[]guilty-[]plea-[]addicted-
[]to-[]drugs ?

Overfull \hbox (235.5321pt too wide) in paragraph at lines 189--190
[][]$\OT1/pcr/m/n/10 https : / / theconstitutionalist . org / 2024 / 12 / 17 / 
the-[]surprising-[]constitutional-[]dimensions-[]of-[]the-[]hunter-[]biden-[]pa
rdon/$[] 

Overfull \hbox (11.5321pt too wide) in paragraph at lines 190--191
[][]$\OT1/pcr/m/n/10 https : / / www . politico . com / news / 2025 / 01 / 20 /
 donald-[]trump-[]jan6-[]pardons-[]00199532$[] 

Overfull \hbox (110.5321pt too wide) in paragraph at lines 192--193
[][]$\OT1/pcr/m/n/10 https : / / courthousenews . com / hunter-[]biden-[]appeal
-[]in-[]tax-[]dodging-[]case-[]tossed-[]by-[]ninth-[]circuit/$[] 

Overfull \hbox (163.5321pt too wide) in paragraph at lines 193--194
[][]$\OT1/pcr/m/n/10 https : / / signalscv . com / 2024 / 12 / special-[]counse
l-[]no-[]evidence-[]shows-[]hunter-[]biden-[]selectively-[]prosecuted/$[] 

Overfull \hbox (1124.0321pt too wide) in paragraph at lines 194--195
[][]$\OT1/pcr/m/n/10 https : / / komonews . com / news / nation-[]world / biden
-[]family-[]hits-[]nantucket-[]shops-[]for-[]small-[]business-[]saturday-[]murr
ays-[]toggery-[]shop-[]the-[]black-[]dog-[]polo-[]ralph-[]lauren-[]beau-[]biden
-[]president-[]joe-[]biden-[]black-[]friday-[]massachusetts-[]donald-[]trump-[]
kanye-[]west-[]nick-[]fuentes-[]christmas$[] 

Overfull \hbox (188.5321pt too wide) in paragraph at lines 195--196
[][]$\OT1/pcr/m/n/10 https : / / www . rev . com / transcripts / hunter-[]biden
-[]cbs-[]interview-[]on-[]memoir-[]beautiful-[]things-[]transcript-[]april-[]4$
[] 

Overfull \hbox (170.5321pt too wide) in paragraph at lines 196--197
[][]$\OT1/pcr/m/n/10 https : / / it . usembassy . gov / remarks-[]by-[]presiden
t-[]biden-[]at-[]pardoning-[]of-[]the-[]national-[]thanksgiving-[]turkey/$[] 

Overfull \hbox (308.5321pt too wide) in paragraph at lines 197--198
[][]$\OT1/pcr/m/n/10 http : / / judiciary . house . gov / media / press-[]relea
ses / judiciary-[]oversight-[]and-[]ways-[]and-[]means-[]committees-[]release-[
]report-[]impeachment$[] 

Overfull \hbox (248.5321pt too wide) in paragraph at lines 198--199
[][]$\OT1/pcr/m/n/10 https : / / oversight . house . gov / release / hearing-[]
wrap-[]up-[]irs-[]whistleblowers-[]expose-[]how-[]bidens-[]were-[]treated-[]dif
ferently %

Overfull \hbox (20.0321pt too wide) in paragraph at lines 199--200
[][]$\OT1/pcr/m/n/10 https : / / naturalnews . com / 2023-[]06-[]28-[]timeline-
[]of-[]hunter-[]bidens-[]years-[]of-[]drugs .

[6]
(/home/roberto/hemingwai/output_temporal/Biden_indulta_a_su_hijo_Hunter_pese_a_
haber_asegurado_que_no.aux) )
(see the transcript file for additional information)</usr/share/texlive/texmf-d
ist/fonts/type1/urw/courier/ucrr8a.pfb></usr/share/texlive/texmf-dist/fonts/typ
e1/urw/times/utmb8a.pfb></usr/share/texlive/texmf-dist/fonts/type1/urw/times/ut
mr8a.pfb></usr/share/texlive/texmf-dist/fonts/type1/urw/times/utmri8a.pfb>
Output written on /home/roberto/hemingwai/output_temporal/Biden_indulta_a_su_hi
jo_Hunter_pese_a_haber_asegurado_que_no.pdf (6 pages, 90827 bytes).
Transcript written on /home/roberto/hemingwai/output_temporal/Biden_indulta_a_s
u_hijo_Hunter_pese_a_haber_asegurado_que_no.log.
